<?xml version="1.0" encoding="utf-16"?>
<orderTax>
  <order date="2018-09-01T00:00:00Z">
    <product id="LIPSTICK01">Cherry Bloom</product>
    <orderTax currency="USD">22,62%</orderTax>
  </order>
  <order date="2017-09-01T00:00:00Z">
    <product id="LIPSTICK01">Cherry Bloom</product>
    <product id="EVENT02">Makeover</product>
    <orderTax currency="USD">50,12%</orderTax>
  </order>72,74%</orderTax>