<?xml version="1.0" encoding="UTF-8"?>
<orders>
<order id='1234'>
<product id='LIPSTICK01' colour='PINK' weight='30'>
<price currency='USD'>14.99</price>
Cherry Bloom
</product>
<product id='LIPSTICK01' colour='PINK' weight='30'>
<price currency='USD'>14.99</price>
Cherry Bloom
</product>
<product id='PURFUME01' colour='PINK' weight='200'>
<price currency='USD'>34.99</price>
Wild Rose
</product>
<product id='SKIN_CREAM01' colour='PINK' weight='250'>
<price currency='USD'>10.99</price>
Cocoa Butter
</product>
</order>
<order id='1235'>
<product id='TOOL01' colour='PINK' weight='100'>
<price currency='USD'>19.99</price>
Eyelash curler
</product>
<product id='TOOL01' colour='PINK' weight='50'>
<price currency='USD'>24.99</price>
Blusher Brush
</product>
<product id='PURFUME01' colour='PINK' weight='200'>
<price currency='USD'>34.99</price>
Wild Rose
</product>
</order>
</orders>
