<?xml version="1.0" encoding="UTF-8"?>
<orderHistory>
<order date='2018-09-01T13:24Z' totalPrice='72'>
<product id='LIPSTICK01'>Cherry Bloom</product>
<product id='LIPSTICK01'>Cherry Bloom</product>
<product id='PURFUME01'>Wild Rose</product>
<product id='SKIN_CREAM01'>Cocoa Butter</product>
</order>
<order date='2018-08-31T14:02Z' totalPrice='77'>
<product id='TOOL01'>Eyelash curler</product>
<product id='TOOL01'>Blusher Brush</product>
<product id='PURFUME01'>Wild Rose</product>
</order>
</orderHistory>
